Circuit: * C:\Users\juani\Desktop\Ing Electronica\4To Año\Segundo Semestre\DSP\TP 2\Ejercicio_7.asc

WARNING: Node NC_01 is floating.
WARNING: Node N019 is floating.

WARNING: Less than two connections to node NC_01.  This node is used by S1.
WARNING: Less than two connections to node N019.  This node is used by S1.
WARNING: Less than two connections to node N020.  This node is used by V1.
Direct Newton iteration for .op point succeeded.

Date: Wed Sep 02 15:04:15 2026
Total elapsed time: 0.349 seconds.

tnom = 27
temp = 27
method = modified trap
totiter = 70663
traniter = 70660
tranpoints = 35331
accept = 25410
rejected = 9921
matrix size = 27
fillins = 12
solver = Normal
Matrix Compiler1: 1.89 KB object code size  0.2/0.2/[0.2]
Matrix Compiler2: off  [0.2]/0.2/0.2

